[webfacil.tinet.cat/penjats/index.html]
[backblue.gif]
[fade.gif]
[index.html]
[webfacil.tinet.cat/usuaris/penjats/Imatge_retol_NOVA_telefon_Salva_20221126172434.jpg]
[webfacil.tinet.cat/penjats/281317.html]
[webfacil.tinet.cat/penjats/63421.html]
[webfacil.tinet.cat/penjats/63516.html]
[webfacil.tinet.cat/penjats/63419.html]
[webfacil.tinet.cat/penjats/90653.html]
[webfacil.tinet.cat/penjats/89138.html]
[webfacil.tinet.cat/penjats/155081.html]
[webfacil.tinet.cat/penjats/index.html]
[webfacil.tinet.cat/usuaris/penjats/AROMES_DE_MAR_I_CAFE_20180612150736.jpg]
[webfacil.tinet.cat/usuaris/penjats/Icona_Calendari_20201104163635.jpg]
[usuaris.tinet.cat/penjats/FOTOS COMPONENTS/KIKU marc.jpg]
[usuaris.tinet.cat/penjats/FOTOS COMPONENTS/PEP marc.jpg]
[usuaris.tinet.cat/penjats/FOTOS COMPONENTS/SALVA marc.jpg]
[webfacil.tinet.cat/penjats/281317.html]
[webfacil.tinet.cat/usuaris/penjats/PEP_marc_nou_20180612145117.jpg]
[webfacil.tinet.cat/usuaris/penjats/KIKU_marc_nou_20180612145117.jpg]
[webfacil.tinet.cat/usuaris/penjats/SALVA_marc_nou_20180612145022.jpg]
[webfacil.tinet.cat/usuaris/penjats/DAVID_marc_nou_20180612145045.jpg]
[webfacil.tinet.cat/usuaris/penjats/Galeria_fotografica_20100322020943.jpg]
[webfacil.tinet.cat/penjats/63421.html]
[webfacil.tinet.cat/penjats/63516.html]
[webfacil.tinet.cat/penjats/63419.html]
[webfacil.tinet.cat/penjats/90653.html]
[webfacil.tinet.cat/penjats/89138.html]
[webfacil.tinet.cat/penjats/155081.html]
